// Jest Snapshot v1, https://goo.gl/fbAQLP

exports[`App snapshot 1`] = `
<View
  style={
    Object {
      "backgroundColor": "white",
      "flex": 1,
      "paddingTop": 40,
    }
  }
>
  <View
    style={
      Object {
        "alignItems": "center",
        "backgroundColor": "white",
        "borderBottomColor": "white",
        "borderBottomWidth": 10,
        "justifyContent": "center",
      }
    }
  >
    <Image
      source={1}
      style={
        Object {
          "height": 50,
          "width": 50,
        }
      }
    />
  </View>
  <View
    style={
      Object {
        "flex": 1,
      }
    }
  >
    <View
      onLayout={[Function]}
      style={
        Array [
          Object {
            "flex": 1,
          },
          Object {
            "paddingBottom": 0,
          },
        ]
      }
    >
      <View>
        <View>
          <View
            accessible={true}
            focusable={true}
            isTVSelectable={true}
            onClick={[Function]}
            onResponderGrant={[Function]}
            onResponderMove={[Function]}
            onResponderRelease={[Function]}
            onResponderTerminate={[Function]}
            onResponderTerminationRequest={[Function]}
            onStartShouldSetResponder={[Function]}
            style={
              Object {
                "alignContent": "center",
                "backgroundColor": "red",
                "justifyContent": "center",
                "opacity": 1,
                "padding": 10,
              }
            }
          >
            <View>
              <Text
                style={
                  Object {
                    "fontSize": 18,
                    "fontWeight": "bold",
                    "marginTop": 0,
                    "textAlign": "center",
                    "width": 400,
                  }
                }
              >
                My Todos
                 
              </Text>
            </View>
          </View>
        </View>
        <RCTScrollView>
          <View>
            <View
              style={
                Array [
                  Object {
                    "alignItems": "center",
                    "alignSelf": "center",
                    "backgroundColor": "white",
                    "borderWidth": 0.4,
                    "flexDirection": "row",
                    "marginTop": 16,
                    "padding": 10,
                    "width": "90%",
                  },
                  undefined,
                ]
              }
            >
              <View
                accessible={true}
                focusable={true}
                isTVSelectable={true}
                onClick={[Function]}
                onResponderGrant={[Function]}
                onResponderMove={[Function]}
                onResponderRelease={[Function]}
                onResponderTerminate={[Function]}
                onResponderTerminationRequest={[Function]}
                onStartShouldSetResponder={[Function]}
                style={
                  Object {
                    "opacity": 1,
                  }
                }
              >
                <View
                  style={
                    Array [
                      Object {
                        "alignItems": "center",
                        "borderRadius": 15,
                        "borderWidth": 3,
                        "height": 30,
                        "width": 30,
                      },
                      Object {
                        "borderColor": "#F23657",
                      },
                    ]
                  }
                />
              </View>
              <View
                style={
                  Object {
                    "flex": 1,
                  }
                }
              >
                <Text
                  style={
                    Array [
                      Object {
                        "flex": 1,
                        "fontSize": 18,
                        "fontWeight": "600",
                        "marginLeft": 10,
                        "marginVertical": 10,
                      },
                      Object {
                        "color": "#353839",
                      },
                    ]
                  }
                >
                  <Text
                    style={
                      Object {
                        "color": "black",
                        "fontWeight": "bold",
                      }
                    }
                  >
                    Titre:
                     
                  </Text>
                  Write some Code!
                </Text>
                <Text
                  style={
                    Array [
                      Object {
                        "fontSize": 15,
                        "fontWeight": "600",
                        "marginLeft": 10,
                        "marginVertical": 10,
                      },
                      Object {
                        "color": "#353839",
                      },
                    ]
                  }
                >
                  <Text
                    style={
                      Array [
                        Object {
                          "color": "black",
                          "fontWeight": "bold",
                        },
                        undefined,
                      ]
                    }
                  >
                    Détail:
                     
                  </Text>
                  React Native
                </Text>
              </View>
              <View
                style={
                  Object {
                    "flexDirection": "row",
                  }
                }
              >
                <View
                  accessible={true}
                  focusable={false}
                  isTVSelectable={true}
                  onClick={[Function]}
                  onResponderGrant={[Function]}
                  onResponderMove={[Function]}
                  onResponderRelease={[Function]}
                  onResponderTerminate={[Function]}
                  onResponderTerminationRequest={[Function]}
                  onStartShouldSetResponder={[Function]}
                  style={
                    Object {
                      "opacity": 1,
                    }
                  }
                >
                  <View
                    style={
                      Object {
                        "marginHorizontal": 10,
                        "marginVertical": 10,
                      }
                    }
                  >
                    <Text
                      style={
                        Array [
                          undefined,
                          Object {
                            "display": "flex",
                          },
                        ]
                      }
                    >
                      ✏
                    </Text>
                  </View>
                </View>
                <View
                  accessible={true}
                  focusable={true}
                  isTVSelectable={true}
                  onClick={[Function]}
                  onResponderGrant={[Function]}
                  onResponderMove={[Function]}
                  onResponderRelease={[Function]}
                  onResponderTerminate={[Function]}
                  onResponderTerminationRequest={[Function]}
                  onStartShouldSetResponder={[Function]}
                  style={
                    Object {
                      "opacity": 1,
                    }
                  }
                >
                  <View
                    style={
                      Object {
                        "marginHorizontal": 10,
                        "marginVertical": 10,
                      }
                    }
                  >
                    <Text>
                      ❌
                    </Text>
                  </View>
                </View>
                <View
                  accessible={true}
                  focusable={true}
                  isTVSelectable={true}
                  onClick={[Function]}
                  onResponderGrant={[Function]}
                  onResponderMove={[Function]}
                  onResponderRelease={[Function]}
                  onResponderTerminate={[Function]}
                  onResponderTerminationRequest={[Function]}
                  onStartShouldSetResponder={[Function]}
                  style={
                    Object {
                      "opacity": 1,
                    }
                  }
                >
                  <View
                    style={
                      Object {
                        "marginHorizontal": 10,
                        "marginVertical": 10,
                      }
                    }
                  >
                    <Text
                      style={
                        Array [
                          Object {
                            "backgroundColor": "yellow",
                          },
                          undefined,
                        ]
                      }
                    >
                      Hot
                    </Text>
                  </View>
                </View>
              </View>
            </View>
            <View
              style={
                Array [
                  Object {
                    "alignItems": "center",
                    "alignSelf": "center",
                    "backgroundColor": "white",
                    "borderWidth": 0.4,
                    "flexDirection": "row",
                    "marginTop": 16,
                    "padding": 10,
                    "width": "90%",
                  },
                  undefined,
                ]
              }
            >
              <View
                accessible={true}
                focusable={true}
                isTVSelectable={true}
                onClick={[Function]}
                onResponderGrant={[Function]}
                onResponderMove={[Function]}
                onResponderRelease={[Function]}
                onResponderTerminate={[Function]}
                onResponderTerminationRequest={[Function]}
                onStartShouldSetResponder={[Function]}
                style={
                  Object {
                    "opacity": 1,
                  }
                }
              >
                <View
                  style={
                    Array [
                      Object {
                        "alignItems": "center",
                        "borderRadius": 15,
                        "borderWidth": 3,
                        "height": 30,
                        "width": 30,
                      },
                      Object {
                        "borderColor": "#F23657",
                      },
                    ]
                  }
                />
              </View>
              <View
                style={
                  Object {
                    "flex": 1,
                  }
                }
              >
                <Text
                  style={
                    Array [
                      Object {
                        "flex": 1,
                        "fontSize": 18,
                        "fontWeight": "600",
                        "marginLeft": 10,
                        "marginVertical": 10,
                      },
                      Object {
                        "color": "#353839",
                      },
                    ]
                  }
                >
                  <Text
                    style={
                      Object {
                        "color": "black",
                        "fontWeight": "bold",
                      }
                    }
                  >
                    Titre:
                     
                  </Text>
                  Présentation projet!
                </Text>
                <Text
                  style={
                    Array [
                      Object {
                        "fontSize": 15,
                        "fontWeight": "600",
                        "marginLeft": 10,
                        "marginVertical": 10,
                      },
                      Object {
                        "color": "#353839",
                      },
                    ]
                  }
                >
                  <Text
                    style={
                      Array [
                        Object {
                          "color": "black",
                          "fontWeight": "bold",
                        },
                        undefined,
                      ]
                    }
                  >
                    Détail:
                     
                  </Text>
                  salle 22
                </Text>
              </View>
              <View
                style={
                  Object {
                    "flexDirection": "row",
                  }
                }
              >
                <View
                  accessible={true}
                  focusable={false}
                  isTVSelectable={true}
                  onClick={[Function]}
                  onResponderGrant={[Function]}
                  onResponderMove={[Function]}
                  onResponderRelease={[Function]}
                  onResponderTerminate={[Function]}
                  onResponderTerminationRequest={[Function]}
                  onStartShouldSetResponder={[Function]}
                  style={
                    Object {
                      "opacity": 1,
                    }
                  }
                >
                  <View
                    style={
                      Object {
                        "marginHorizontal": 10,
                        "marginVertical": 10,
                      }
                    }
                  >
                    <Text
                      style={
                        Array [
                          undefined,
                          Object {
                            "display": "flex",
                          },
                        ]
                      }
                    >
                      ✏
                    </Text>
                  </View>
                </View>
                <View
                  accessible={true}
                  focusable={true}
                  isTVSelectable={true}
                  onClick={[Function]}
                  onResponderGrant={[Function]}
                  onResponderMove={[Function]}
                  onResponderRelease={[Function]}
                  onResponderTerminate={[Function]}
                  onResponderTerminationRequest={[Function]}
                  onStartShouldSetResponder={[Function]}
                  style={
                    Object {
                      "opacity": 1,
                    }
                  }
                >
                  <View
                    style={
                      Object {
                        "marginHorizontal": 10,
                        "marginVertical": 10,
                      }
                    }
                  >
                    <Text>
                      ❌
                    </Text>
                  </View>
                </View>
                <View
                  accessible={true}
                  focusable={true}
                  isTVSelectable={true}
                  onClick={[Function]}
                  onResponderGrant={[Function]}
                  onResponderMove={[Function]}
                  onResponderRelease={[Function]}
                  onResponderTerminate={[Function]}
                  onResponderTerminationRequest={[Function]}
                  onStartShouldSetResponder={[Function]}
                  style={
                    Object {
                      "opacity": 1,
                    }
                  }
                >
                  <View
                    style={
                      Object {
                        "marginHorizontal": 10,
                        "marginVertical": 10,
                      }
                    }
                  >
                    <Text
                      style={
                        Array [
                          Object {
                            "backgroundColor": "yellow",
                          },
                          undefined,
                        ]
                      }
                    >
                      Hot
                    </Text>
                  </View>
                </View>
              </View>
            </View>
            <View
              style={
                Array [
                  Object {
                    "alignItems": "center",
                    "alignSelf": "center",
                    "backgroundColor": "white",
                    "borderWidth": 0.4,
                    "flexDirection": "row",
                    "marginTop": 16,
                    "padding": 10,
                    "width": "90%",
                  },
                  undefined,
                ]
              }
            >
              <View
                accessible={true}
                focusable={true}
                isTVSelectable={true}
                onClick={[Function]}
                onResponderGrant={[Function]}
                onResponderMove={[Function]}
                onResponderRelease={[Function]}
                onResponderTerminate={[Function]}
                onResponderTerminationRequest={[Function]}
                onStartShouldSetResponder={[Function]}
                style={
                  Object {
                    "opacity": 1,
                  }
                }
              >
                <View
                  style={
                    Array [
                      Object {
                        "alignItems": "center",
                        "borderRadius": 15,
                        "borderWidth": 3,
                        "height": 30,
                        "width": 30,
                      },
                      Object {
                        "borderColor": "#F23657",
                      },
                    ]
                  }
                />
              </View>
              <View
                style={
                  Object {
                    "flex": 1,
                  }
                }
              >
                <Text
                  style={
                    Array [
                      Object {
                        "flex": 1,
                        "fontSize": 18,
                        "fontWeight": "600",
                        "marginLeft": 10,
                        "marginVertical": 10,
                      },
                      Object {
                        "color": "#353839",
                      },
                    ]
                  }
                >
                  <Text
                    style={
                      Object {
                        "color": "black",
                        "fontWeight": "bold",
                      }
                    }
                  >
                    Titre:
                     
                  </Text>
                  faire du sport!
                </Text>
                <Text
                  style={
                    Array [
                      Object {
                        "fontSize": 15,
                        "fontWeight": "600",
                        "marginLeft": 10,
                        "marginVertical": 10,
                      },
                      Object {
                        "color": "#353839",
                      },
                    ]
                  }
                >
                  
                  
                </Text>
              </View>
              <View
                style={
                  Object {
                    "flexDirection": "row",
                  }
                }
              >
                <View
                  accessible={true}
                  focusable={false}
                  isTVSelectable={true}
                  onClick={[Function]}
                  onResponderGrant={[Function]}
                  onResponderMove={[Function]}
                  onResponderRelease={[Function]}
                  onResponderTerminate={[Function]}
                  onResponderTerminationRequest={[Function]}
                  onStartShouldSetResponder={[Function]}
                  style={
                    Object {
                      "opacity": 1,
                    }
                  }
                >
                  <View
                    style={
                      Object {
                        "marginHorizontal": 10,
                        "marginVertical": 10,
                      }
                    }
                  >
                    <Text
                      style={
                        Array [
                          undefined,
                          Object {
                            "display": "flex",
                          },
                        ]
                      }
                    >
                      ✏
                    </Text>
                  </View>
                </View>
                <View
                  accessible={true}
                  focusable={true}
                  isTVSelectable={true}
                  onClick={[Function]}
                  onResponderGrant={[Function]}
                  onResponderMove={[Function]}
                  onResponderRelease={[Function]}
                  onResponderTerminate={[Function]}
                  onResponderTerminationRequest={[Function]}
                  onStartShouldSetResponder={[Function]}
                  style={
                    Object {
                      "opacity": 1,
                    }
                  }
                >
                  <View
                    style={
                      Object {
                        "marginHorizontal": 10,
                        "marginVertical": 10,
                      }
                    }
                  >
                    <Text>
                      ❌
                    </Text>
                  </View>
                </View>
                <View
                  accessible={true}
                  focusable={true}
                  isTVSelectable={true}
                  onClick={[Function]}
                  onResponderGrant={[Function]}
                  onResponderMove={[Function]}
                  onResponderRelease={[Function]}
                  onResponderTerminate={[Function]}
                  onResponderTerminationRequest={[Function]}
                  onStartShouldSetResponder={[Function]}
                  style={
                    Object {
                      "opacity": 1,
                    }
                  }
                >
                  <View
                    style={
                      Object {
                        "marginHorizontal": 10,
                        "marginVertical": 10,
                      }
                    }
                  >
                    <Text
                      style={
                        Array [
                          Object {
                            "backgroundColor": "yellow",
                          },
                          undefined,
                        ]
                      }
                    >
                      Hot
                    </Text>
                  </View>
                </View>
              </View>
            </View>
          </View>
        </RCTScrollView>
      </View>
    </View>
    <View
      accessible={true}
      focusable={true}
      isTVSelectable={true}
      onClick={[Function]}
      onResponderGrant={[Function]}
      onResponderMove={[Function]}
      onResponderRelease={[Function]}
      onResponderTerminate={[Function]}
      onResponderTerminationRequest={[Function]}
      onStartShouldSetResponder={[Function]}
      style={
        Object {
          "alignItems": "center",
          "backgroundColor": "red",
          "borderRadius": 50,
          "bottom": 90,
          "elevation": 8,
          "height": 90,
          "justifyContent": "center",
          "opacity": 1,
          "position": "absolute",
          "right": 20,
          "width": 90,
          "zIndex": 11,
        }
      }
    >
      <Text
        style={
          Object {
            "alignContent": "center",
            "alignItems": "center",
            "color": "#fff",
            "flexDirection": "row",
            "fontSize": 22,
          }
        }
      >
        Add
      </Text>
    </View>
  </View>
</View>
`;
