// Jest Snapshot v1, https://goo.gl/fbAQLP

exports[`work item  snapshot 1`] = `<workItem />`;
